"a": String
"a": String
"a": String
(x, y) => sole: (Trivial, Trivial) -> Trivial
(y) => sole: (Trivial) -> Trivial
sole: Trivial
(x, y) => sole: (Trivial, Trivial) -> Trivial
(y) => sole: (Trivial) -> Trivial
sole: Trivial
