123: Nat
"abc": String
124: Nat
123: Nat
"abc": String
124: Nat
