nil: List(Nat)
nil: List(Nat)
nil: List(String)
li(123, nil): List(Nat)
(head, tail) => li(head, tail): (_: Nat, _1: List(Nat)) -> List(Nat)
li(123, nil): List(Nat)
li(123, nil): List(Nat)
li("a", nil): List(String)
li("a", li("b", nil)): List(String)
li("a", li("b", li("c", nil))): List(String)
[nil | nil]: [_: List(Nat) | List(String)]
[nil | nil]: [_: List(Nat) | List(String)]
[nil | nil]: [_: List(Nat) | List(String)]
[nil | nil]: [_: List(String) | List(Nat)]
[nil | nil]: [_: List(String) | List(Nat)]
[nil | nil]: [_: List(Nat) | List(String)]
(returned B) => [nil | nil]: (returned B: Type) -> [_: List(Nat) | List(B)]
(returned A, returned B) => [nil | nil]: (returned A: Type, returned B: Type) -> [_: List(A) | List(B)]
[nil | nil]: [_: List(String) | List(Nat)]
(returned B) => [nil | nil]: (returned B: Type) -> [_: List(String) | List(B)]