Vector(String, 0): Type 
Vector(String, 1): Type 
Vector(List(String), 0): Type 
Vector(List(String), 1): Type 
