Fail to infer the type of a variable.
The name C is undefined.

implicit-fn.error.cic:
  3 |  implicit A,
  4 |  implicit B,
  5 |  triple,
  6 |) => C : (
  7 |  implicit A: Type,
  8 |  implicit B: Type,