"a": String
"a": String
sole: Trivial
sole: Trivial
sole: Trivial
sole: Trivial