(vague T, x) => Id.my_refl(vague T, x): (vague T: Type, x: T) -> Id(T, x, x)
Id.my_refl(vague String, "1"): Id(String, "a", "a")