MyNat: Type
refl: Equal(Nat, 7, 7)
refl: Equal(Nat, 12, 12)
refl: Equal(Nat, 64, 64)
refl: Equal(Nat, 55, 55)
refl: Equal(Nat, 120, 120)