I see unexpected value class: TypeValue,
but the asserted class is: SigmaValue.

previous:
- cons(String, String)
- the(Type, cons(String, String))

