I infer the type to be:
  String
But the expected type is:
  Type

previous:
- "oil"
- (_: "oil") * String
