
I infer the type to be:
  String
But the expected type is:
  Type

previous:
- "courgette"
- the(Type, "courgette")

