li(cons("cooked", "cooked"), li(cons("eaten", "eaten"), li(cons("tried-cleaning", "tried-cleaning"), li(cons("understood", "understood"), li(cons("slept", "slept"), nil))))): List((_: String) * String)