nil: List(Nat) 
nil: List(Nat) 
nil: List(List(Nat)) 
nil: List(List(Nat)) 
