I am expecting the following two values to be the same String.
But they are not.

from left hand side:
  "ratatouille"
to right hand side:
  "baguette"

previous:
- refl
- the(Equal(String, "ratatouille", "baguette"), refl)
