@TODO "A trivial String": String
sole: Trivial
the(Absurd, @TODO "Absurd!"): Absurd
(A) => @TODO "tertium non datur": (A: Type) -> Either(A, (_: A) -> Absurd)