I am expecting the following two values to be the same String.
But they are not.

from value at 0:
  "abc"
to value at 1:
  "abcd"

same-as-chart.error.cic:
 1 |same_as_chart! (String) [
 2 |  "abc",
 3 |  "abcd",
 4 |  "abc",
 5 |]
 6 |
