refl: Equal(String, "abc", "abc")
refl: Equal(String, "abc", "abc")
refl: Equal(String, "abc", "abc")