refl(vague String, vague "a"): Equal(String, "a", "a")