(vague A, vague B, x, y) => cons(x, y): (vague A: Type, vague B: (_: A) -> Type, x: A, y: B(x)) -> exists (x1: A) B(x1)
List.null(vague String): List(String)
List.null(vague String): List(String)
List.cons(vague String, "abc", List.null(vague String)): List(String)
(head, tail) => List.cons(vague String, head, tail): (_: String, _1: List(String)) -> List(String)
List.cons(vague String, "abc", List.null(vague String)): List(String)
List.cons(vague String, "abc", List.null(vague String)): List(String)
List.cons(vague String, "a", List.null(vague String)): List(String)
List.cons(vague String, "a", List.cons(vague String, "b", List.null(vague String))): List(String)
List.cons(vague String, "a", List.cons(vague String, "b", List.cons(vague String, "c", List.null(vague String)))): List(String)
cons(List.null(vague String), List.null(vague String)): Pair(List(String), List(String))
cons(List.null(vague String), List.null(vague String)): Pair(List(String), List(String))
cons(List.null(vague String), List.null(vague String)): Pair(List(String), List(String))
cons(List.null(vague String), List.null(vague String)): Pair(List(String), List(String))
cons(List.null(vague String), List.null(vague String)): Pair(List(String), List(String))
cons(List.null(vague String), List.null(vague String)): Pair(List(String), List(String))
(vague B) => cons(List.null(vague String), List.null(vague B)): (vague B: Type) -> Pair(List(String), List(B))
(vague A, vague B) => cons(List.null(vague A), List.null(vague B)): (vague A: Type, vague B: Type) -> Pair(List(A), List(B))
cons(List.null(vague String), List.null(vague String)): Pair(List(String), List(String))
(vague B) => cons(List.null(vague String), List.null(vague B)): (vague B: Type) -> Pair(List(String), List(B))
cons(List.null(vague String), String): Pair(List(String), Type)
cons(List.null(vague String), String): Pair(List(String), Type)
cons(List.null(vague String), String): Pair(List(String), Type)
cons(List.null(vague String), String): Pair(List(String), Type)
cons(List.cons(vague String, "a", List.null(vague String)), String): Pair(List(String), Type)
cons(List.cons(vague String, "a", List.null(vague String)), String): Pair(List(String), Type)
cons(List.cons(vague String, "a", List.null(vague String)), String): Pair(List(String), Type)
cons(List.cons(vague String, "a", List.null(vague String)), String): Pair(List(String), Type)
cons(cons(List.null(vague String), List.null(vague String)), String): Pair(Pair(List(String), List(String)), Type)
cons(cons(List.null(vague String), List.null(vague String)), String): Pair(Pair(List(String), List(String)), Type)
cons(cons(List.null(vague String), List.null(vague String)), String): Pair(Pair(List(String), List(String)), Type)
cons(cons(List.null(vague String), List.null(vague String)), String): Pair(Pair(List(String), List(String)), Type)
cons(cons(List.null(vague String), List.null(vague String)), String): Pair(Pair(List(String), List(String)), Type)
cons(cons(List.null(vague String), List.null(vague String)), String): Pair(Pair(List(String), List(String)), Type)
cons(cons(List.null(vague String), List.null(vague String)), String): Pair(Pair(List(String), List(String)), Type)
