(vague A, vague B, vague C, implicit T, x) => [List.null(vague A) | [List.null(vague B) | [List.null(vague C) | T]]]: (vague A: Type, vague B: Type, vague C: Type, implicit T: Type, x: T) -> [_: List(A), _1: List(B), _2: List(C) | Type]
(vague A, vague B, vague C, implicit T, x) => [List.null(vague A) | [List.null(vague B) | [List.null(vague C) | T]]]: (vague A: Type, vague B: Type, vague C: Type, implicit T: Type, x: T) -> [_: List(A), _1: List(B), _2: List(C) | Type]
(vague A, vague B, vague C, implicit T, x) => [List.null(vague A) | [List.null(vague B) | [List.null(vague C) | T]]]: (vague A: Type, vague B: Type, vague C: Type, implicit T: Type, x: T) -> [_: List(A), _1: List(B), _2: List(C) | Type]
(vague A, vague B, vague C, implicit T, x) => [List.null(vague A) | [List.null(vague B) | [List.null(vague C) | T]]]: (vague A: Type, vague B: Type, vague C: Type, implicit T: Type, x: T) -> [_: List(A), _1: List(B), _2: List(C) | Type]
(vague A, vague B, vague C, vague D) => [List.null(vague A) | [List.null(vague B) | [List.null(vague C) | List.null(vague D)]]]: (vague A: Type, vague B: Type, vague C: Type, vague D: Type) -> [_: List(A), _1: List(B), _2: List(C) | List(D)]
(vague A, vague B, vague C, vague D) => [List.null(vague A) | [List.null(vague B) | [List.null(vague C) | List.null(vague D)]]]: (vague A: Type, vague B: Type, vague C: Type, vague D: Type) -> [_: List(A), _1: List(B), _2: List(C) | List(D)]
(vague A, vague B, vague C, vague D) => [List.null(vague A) | [List.null(vague B) | [List.null(vague C) | List.null(vague D)]]]: (vague A: Type, vague B: Type, vague C: Type, vague D: Type) -> [_: List(A), _1: List(B), _2: List(C) | List(D)]
(vague A, vague B, vague C, vague D) => [List.null(vague A) | [List.null(vague B) | [List.null(vague C) | List.null(vague D)]]]: (vague A: Type, vague B: Type, vague C: Type, vague D: Type) -> [_: List(A), _1: List(B), _2: List(C) | List(D)]
(vague A, vague B, vague C, vague D) => [List.null(vague A) | [List.null(vague B) | [List.null(vague C) | List.null(vague D)]]]: (vague A: Type, vague B: Type, vague C: Type, vague D: Type) -> [_: List(A), _1: List(B), _2: List(C) | List(D)]
