refl: Equal(Type, [_: Nat | Nat], [_: Nat | Nat])
refl: Equal([_: Nat | Nat], [1 | 2], [1 | 2])
refl: Equal(Nat, 2, 2)
refl: Equal(Type, [_: Nat, _1: Nat | Nat], [_: Nat, _1: Nat | Nat])
refl: Equal([_: Nat, _1: Nat | Nat], [1 | [2 | 3]], [1 | [2 | 3]])
refl: Equal(Nat, 3, 3)
refl: Equal(Type, [_: Nat, _1: Nat, _2: Nat | Nat], [_: Nat, _1: Nat, _2: Nat | Nat])
refl: Equal([_: Nat, _1: Nat, _2: Nat | Nat], [1 | [2 | [3 | 4]]], [1 | [2 | [3 | 4]]])
refl: Equal(Nat, 4, 4)