(fixed E) => vecnil: (fixed E: Type) -> Vector(E, 0)