{
  a: sole
  b: 2
  c: "c"
}: class {
  a: Trivial
  b: Nat
  c: String
}
sole: Trivial
2: Nat
"c": String