{
  x: "x"
  y: "y"
  z: {
    a: sole
    b: 2
    c: "c"
  }
}: class {
  x: String
  y: String
  z: class {
    a: Trivial
    b: Nat
    c: String
  }
}
{
  a: sole
  b: 2
  c: "c"
}: class {
  a: Trivial
  b: Nat
  c: String
}
sole: Trivial
2: Nat
"c": String
