TODO_NOTE("A trivial String"): String
sole: Trivial
the(Absurd, TODO_NOTE("Absurd!")): Absurd
TODO: Absurd
(A) => TODO_NOTE("tertium non datur"): (A: Type) -> Either(A, (_: A) -> Absurd)