(given A, x) { x }: (implicit { A: Type }, x: A) -> A 
(given A, x) { x }: (implicit { A: Type }, x: A) -> A 
(given A, x) { x }: (implicit { A: Type }, x: A) -> A 
1: Nat 
1: Nat 
1: Nat 
Nat: Type 
String: Type 
100: Nat 
100: Nat 
(implicit { A: Type, B: Type }, pair: (_: A) * B) -> Type: Type 
