@TODO "A trivial Nat": Nat
sole: Trivial
the(Absurd, @TODO "Absurd!"): Absurd
(A) => { @TODO "tertium non datur" }: (A: Type) -> Either(A, (_: A) -> Absurd)
