{ X: String, a: "a", b: "b", equal: refl }: class {
  X: Type
  a: String
  b: X
  equal: Equal(Type, String, X)
}