1: Nat 
1: Nat 
"a": String 
"a": String 
1: Nat 
1: Nat 
"a": String 
"a": String 

