refl(vague Type, vague class {
  Element: Type
  Under: (Element, Element) -> Type
  reflexive: (x: Element) -> Under(x, x)
  transitive: (implicit x: Element, implicit y: Element, Under(x, y), implicit z: Element, Under(y, z)) -> Under(x, z)
  antisymmetric: (implicit x: Element, implicit y: Element, Under(x, y), Under(y, x)) -> Equal(Element, x, y)
}): Equal(Type, class {
  Element: Type
  Under: (Element, Element) -> Type
  reflexive: (x: Element) -> Under(x, x)
  transitive: (implicit x: Element, implicit y: Element, Under(x, y), implicit z: Element, Under(y, z)) -> Under(x, z)
  antisymmetric: (implicit x: Element, implicit y: Element, Under(x, y), Under(y, x)) -> Equal(Element, x, y)
}, class {
  Element: Type
  Under: (Element, Element) -> Type
  reflexive: (x: Element) -> Under(x, x)
  transitive: (implicit x: Element, implicit y: Element, Under(x, y), implicit z: Element, Under(y, z)) -> Under(x, z)
  antisymmetric: (implicit x: Element, implicit y: Element, Under(x, y), Under(y, x)) -> Equal(Element, x, y)
})
